[validthemes.net/site-template/cleanu/index-op.html]
[backblue.gif]
[fade.gif]
[index.html]
[validthemes.net/site-template/cleanu/assets/img/favicon.png]
[validthemes.net/site-template/cleanu/assets/css/bootstrap.min.css]
[validthemes.net/site-template/cleanu/assets/css/font-awesome.min.css]
[validthemes.net/site-template/cleanu/assets/css/themify-icons.css]
[validthemes.net/site-template/cleanu/assets/css/elegant-icons.css]
[validthemes.net/site-template/cleanu/assets/css/flaticon-set.css]
[validthemes.net/site-template/cleanu/assets/css/magnific-popup.css]
[validthemes.net/site-template/cleanu/assets/css/owl.carousel.min.css]
[validthemes.net/site-template/cleanu/assets/css/owl.theme.default.min.css]
[validthemes.net/site-template/cleanu/assets/css/animate.css]
[validthemes.net/site-template/cleanu/assets/css/bootsnav.css]
[validthemes.net/site-template/cleanu/style.css]
[validthemes.net/site-template/cleanu/assets/css/responsive.css]
[validthemes.net/site-template/cleanu/index.html]
[validthemes.net/site-template/cleanu/assets/img/logo.png]
[validthemes.net/site-template/cleanu/index-2.html]
[validthemes.net/site-template/cleanu/index-3.html]
[validthemes.net/site-template/cleanu/index-4.html]
[validthemes.net/site-template/cleanu/index-5.html]
[validthemes.net/site-template/cleanu/index-op-2.html]
[validthemes.net/site-template/cleanu/index-op-3.html]
[validthemes.net/site-template/cleanu/index-op-4.html]
[validthemes.net/site-template/cleanu/index-op-5.html]
[validthemes.net/site-template/cleanu/assets/img/shape/bubble.png]
[validthemes.net/site-template/cleanu/assets/img/shape/bubble-mini.png]
[validthemes.net/site-template/cleanu/assets/img/shape/bubble-mid.png]
[validthemes.net/site-template/cleanu/assets/img/banner/7.jpg]
[validthemes.net/site-template/cleanu/assets/img/banner/9.jpg]
[validthemes.net/site-template/cleanu/assets/img/shape/8.png]
[validthemes.net/site-template/cleanu/assets/img/thumb/8.jpg]
[validthemes.net/site-template/cleanu/assets/img/thumb/2.jpg]
[validthemes.net/site-template/cleanu/assets/img/shape/28.png]
[validthemes.net/site-template/cleanu/assets/img/shape/bubble-light.png]
[validthemes.net/site-template/cleanu/contact.html]
[validthemes.net/site-template/cleanu/assets/img/services/5.jpg]
[validthemes.net/site-template/cleanu/assets/img/services/8.jpg]
[validthemes.net/site-template/cleanu/assets/img/illustration/11.png]
[validthemes.net/site-template/cleanu/assets/img/shape/29.png]
[validthemes.net/site-template/cleanu/assets/img/services/12.jpg]
[validthemes.net/site-template/cleanu/assets/img/services/14.jpg]
[validthemes.net/site-template/cleanu/assets/img/services/13.jpg]
[validthemes.net/site-template/cleanu/assets/img/illustration/6.png]
[validthemes.net/site-template/cleanu/assets/img/portfoilo/1.jpg]
[validthemes.net/site-template/cleanu/project-details.html]
[validthemes.net/site-template/cleanu/assets/img/portfoilo/2.jpg]
[validthemes.net/site-template/cleanu/assets/img/portfoilo/3.jpg]
[validthemes.net/site-template/cleanu/assets/img/portfoilo/4.jpg]
[validthemes.net/site-template/cleanu/assets/img/portfoilo/5.jpg]
[validthemes.net/site-template/cleanu/assets/img/shape/19.png]
[validthemes.net/site-template/cleanu/assets/img/teams/1.jpg]
[validthemes.net/site-template/cleanu/assets/img/shape/quote.png]
[validthemes.net/site-template/cleanu/assets/img/teams/7.jpg]
[validthemes.net/site-template/cleanu/assets/img/teams/2.jpg]
[validthemes.net/site-template/cleanu/assets/img/blog/1.jpg]
[validthemes.net/site-template/cleanu/blog-single-with-sidebar.html]
[validthemes.net/site-template/cleanu/assets/img/blog/2.jpg]
[validthemes.net/site-template/cleanu/assets/img/blog/3.jpg]
[validthemes.net/site-template/cleanu/assets/img/illustration/2.png]
[validthemes.net/site-template/cleanu/assets/img/logo-light.png]
[validthemes.net/site-template/cleanu/about-us.html]
[validthemes.net/site-template/cleanu/blog-standard.html]
[validthemes.net/site-template/cleanu/services-details.html]
[validthemes.net/site-template/cleanu/assets/img/shape/5.png]
[validthemes.net/site-template/cleanu/assets/js/jquery-3.6.0.min.js]
[validthemes.net/site-template/cleanu/assets/js/popper.min.js]
[validthemes.net/site-template/cleanu/assets/js/bootstrap.min.js]
[validthemes.net/site-template/cleanu/assets/js/jquery.appear.js]
[validthemes.net/site-template/cleanu/assets/js/jquery.easing.min.js]
[validthemes.net/site-template/cleanu/assets/js/jquery.magnific-popup.min.js]
[validthemes.net/site-template/cleanu/assets/js/modernizr.custom.13711.js]
[validthemes.net/site-template/cleanu/assets/js/owl.carousel.min.js]
[validthemes.net/site-template/cleanu/assets/js/wow.min.js]
[validthemes.net/site-template/cleanu/assets/js/progress-bar.min.js]
[validthemes.net/site-template/cleanu/assets/js/isotope.pkgd.min.js]
[validthemes.net/site-template/cleanu/assets/js/imagesloaded.pkgd.min.js]
[validthemes.net/site-template/cleanu/assets/js/count-to.js]
[validthemes.net/site-template/cleanu/assets/js/jquery.nice-select.min.js]
[validthemes.net/site-template/cleanu/assets/js/YTPlayer.min.js]
[validthemes.net/site-template/cleanu/assets/js/jquery.event.move.js]
[validthemes.net/site-template/cleanu/assets/js/jquery.twentytwenty.js]
[validthemes.net/site-template/cleanu/assets/js/bootsnav.js]
[validthemes.net/site-template/cleanu/index-op.html]
[validthemes.net/site-template/cleanu/assets/js/main.js]
[validthemes.net/site-template/cleanu/assets/css/bootstrap.min.css]
[validthemes.net/site-template/cleanu/assets/fonts/fa-brands-400.eot]
[validthemes.net/site-template/cleanu/assets/fonts/fa-brands-400d41d.eot]
[validthemes.net/site-template/cleanu/assets/fonts/fa-brands-400.woff2]
[validthemes.net/site-template/cleanu/assets/fonts/fa-brands-400.woff]
[validthemes.net/site-template/cleanu/assets/fonts/fa-brands-400.ttf]
[validthemes.net/site-template/cleanu/assets/fonts/fa-brands-400.svg]
[validthemes.net/site-template/cleanu/assets/fonts/fa-duotone-900.eot]
[validthemes.net/site-template/cleanu/assets/fonts/fa-duotone-900d41d.eot]
[validthemes.net/site-template/cleanu/assets/fonts/fa-duotone-900.woff2]
[validthemes.net/site-template/cleanu/assets/fonts/fa-duotone-900.woff]
[validthemes.net/site-template/cleanu/assets/fonts/fa-duotone-900.5d.delayed]
[validthemes.net/site-template/cleanu/assets/fonts/fa-duotone-900.svg]
[validthemes.net/site-template/cleanu/assets/fonts/fa-light-300.eot]
[validthemes.net/site-template/cleanu/assets/fonts/fa-light-300d41d.eot]
[validthemes.net/site-template/cleanu/assets/fonts/fa-light-300.woff2]
[validthemes.net/site-template/cleanu/assets/fonts/fa-light-300.woff]
[validthemes.net/site-template/cleanu/assets/fonts/fa-light-300.ttf]
[validthemes.net/site-template/cleanu/assets/fonts/fa-light-300.svg]
[validthemes.net/site-template/cleanu/assets/fonts/fa-regular-400.eot]
[validthemes.net/site-template/cleanu/assets/fonts/fa-regular-400d41d.eot]
[validthemes.net/site-template/cleanu/assets/fonts/fa-regular-400.woff2]
[validthemes.net/site-template/cleanu/assets/fonts/fa-regular-400.woff]
[validthemes.net/site-template/cleanu/assets/fonts/fa-regular-400.ttf]
[validthemes.net/site-template/cleanu/assets/fonts/fa-regular-400.svg]
[validthemes.net/site-template/cleanu/assets/fonts/fa-solid-900.eot]
[validthemes.net/site-template/cleanu/assets/fonts/fa-solid-900d41d.eot]
[validthemes.net/site-template/cleanu/assets/fonts/fa-solid-900.woff2]
[validthemes.net/site-template/cleanu/assets/fonts/fa-solid-900.woff]
[validthemes.net/site-template/cleanu/assets/fonts/fa-solid-900.ttf]
[validthemes.net/site-template/cleanu/assets/fonts/fa-solid-900.svg]
[validthemes.net/site-template/cleanu/assets/css/font-awesome.min.css]
[validthemes.net/site-template/cleanu/assets/fonts/themify9f24.eot]
[validthemes.net/site-template/cleanu/assets/fonts/themifyd41d.eot]
[validthemes.net/site-template/cleanu/assets/fonts/themify9f24.woff]
[validthemes.net/site-template/cleanu/assets/fonts/themify9f24.ttf]
[validthemes.net/site-template/cleanu/assets/css/themify-icons.css]
[validthemes.net/site-template/cleanu/assets/fonts/themify9f24.svg]
[validthemes.net/site-template/cleanu/assets/fonts/ElegantIcons.eot]
[validthemes.net/site-template/cleanu/assets/fonts/ElegantIconsd41d.eot]
[validthemes.net/site-template/cleanu/assets/fonts/ElegantIcons.woff]
[validthemes.net/site-template/cleanu/assets/fonts/ElegantIcons.ttf]
[validthemes.net/site-template/cleanu/assets/fonts/ElegantIcons.svg]
[validthemes.net/site-template/cleanu/assets/css/ElegantIcons.svg]
[validthemes.net/site-template/cleanu/assets/css/elegant-icons.css]
[validthemes.net/site-template/cleanu/assets/fonts/flaticon.eot]
[validthemes.net/site-template/cleanu/assets/fonts/flaticond41d.eot]
[validthemes.net/site-template/cleanu/assets/fonts/flaticon.woff]
[validthemes.net/site-template/cleanu/assets/fonts/flaticon.ttf]
[validthemes.net/site-template/cleanu/assets/fonts/flaticon.svg]
[validthemes.net/site-template/cleanu/assets/css/flaticon.svg]
[validthemes.net/site-template/cleanu/assets/css/flaticon-set.css]
[validthemes.net/site-template/cleanu/assets/css/magnific-popup.css]
[validthemes.net/site-template/cleanu/assets/css/owl.video.play.png]
[validthemes.net/site-template/cleanu/assets/css/owl.carousel.min.css]
[validthemes.net/site-template/cleanu/assets/css/owl.theme.default.min.css]
[validthemes.net/site-template/cleanu/assets/css/animate.css]
[validthemes.net/site-template/cleanu/assets/css/bootsnav.css]
[validthemes.net/site-template/cleanu/assets/img/shape/4.png]
[validthemes.net/site-template/cleanu/assets/img/shape/12.png]
[validthemes.net/site-template/cleanu/assets/img/shape/16.png]
[validthemes.net/site-template/cleanu/assets/img/shape/bubble-right.png]
[validthemes.net/site-template/cleanu/assets/img/shape/26.png]
[validthemes.net/site-template/cleanu/assets/img/shape/17.png]
[validthemes.net/site-template/cleanu/assets/img/shape/22.png]
[validthemes.net/site-template/cleanu/assets/img/preloader.gif]
[validthemes.net/site-template/cleanu/assets/img/shape/bg.svg]
[validthemes.net/site-template/cleanu/style.css]
[validthemes.net/site-template/cleanu/assets/css/responsive.css]
[validthemes.net/site-template/cleanu/about-2.html]
[validthemes.net/site-template/cleanu/team.html]
[validthemes.net/site-template/cleanu/team-single.html]
[validthemes.net/site-template/cleanu/pricing.html]
[validthemes.net/site-template/cleanu/pricing-2.html]
[validthemes.net/site-template/cleanu/faq.html]
[validthemes.net/site-template/cleanu/404.html]
[validthemes.net/site-template/cleanu/projects.html]
[validthemes.net/site-template/cleanu/services.html]
[validthemes.net/site-template/cleanu/services-2.html]
[validthemes.net/site-template/cleanu/blog-with-sidebar.html]
[validthemes.net/site-template/cleanu/blog-2-colum.html]
[validthemes.net/site-template/cleanu/blog-3-colum.html]
[validthemes.net/site-template/cleanu/blog-single.html]
[validthemes.net/site-template/cleanu/index.html]
[validthemes.net/site-template/cleanu/assets/img/icon/phone-call.png]
[validthemes.net/site-template/cleanu/assets/img/shape/13.png]
[validthemes.net/site-template/cleanu/assets/img/shape/35.png]
[validthemes.net/site-template/cleanu/assets/img/illustration/1.jpg]
[validthemes.net/site-template/cleanu/assets/img/thumb/13.jpg]
[validthemes.net/site-template/cleanu/assets/img/thumb/14.jpg]
[validthemes.net/site-template/cleanu/assets/img/banner/3.jpg]
[validthemes.net/site-template/cleanu/assets/img/projects/v1.jpg]
[validthemes.net/site-template/cleanu/assets/img/projects/2.jpg]
[validthemes.net/site-template/cleanu/assets/img/projects/10.jpg]
[validthemes.net/site-template/cleanu/assets/img/projects/5.jpg]
[validthemes.net/site-template/cleanu/assets/img/projects/9.jpg]
[validthemes.net/site-template/cleanu/assets/img/illustration/4.png]
[validthemes.net/site-template/cleanu/index-2.html]
[validthemes.net/site-template/cleanu/assets/img/banner/16.jpg]
[validthemes.net/site-template/cleanu/assets/img/shape/7.png]
[validthemes.net/site-template/cleanu/assets/img/banner/13.jpg]
[validthemes.net/site-template/cleanu/assets/img/illustration/7.png]
[validthemes.net/site-template/cleanu/assets/img/thumb/1.jpg]
[validthemes.net/site-template/cleanu/assets/img/thumb/3.jpg]
[validthemes.net/site-template/cleanu/assets/img/thumb-2.jpg]
[validthemes.net/site-template/cleanu/assets/img/services/1.jpg]
[validthemes.net/site-template/cleanu/assets/img/services/2.jpg]
[validthemes.net/site-template/cleanu/assets/img/services/3.jpg]
[validthemes.net/site-template/cleanu/assets/img/services/4.jpg]
[validthemes.net/site-template/cleanu/assets/img/services/6.jpg]
[validthemes.net/site-template/cleanu/assets/img/illustration/9.png]
[validthemes.net/site-template/cleanu/assets/img/shape/24.png]
[validthemes.net/site-template/cleanu/assets/img/team/1.jpg]
[validthemes.net/site-template/cleanu/assets/img/team/2.jpg]
[validthemes.net/site-template/cleanu/assets/img/team/3.jpg]
[validthemes.net/site-template/cleanu/assets/img/shape/5-theme.png]
[validthemes.net/site-template/cleanu/index-3.html]
[validthemes.net/site-template/cleanu/assets/img/banner/19.jpg]
[validthemes.net/site-template/cleanu/assets/img/shape/32.png]
[validthemes.net/site-template/cleanu/assets/img/shape/21.png]
[validthemes.net/site-template/cleanu/assets/img/icon/house.png]
[validthemes.net/site-template/cleanu/assets/img/icon/cleaning-service.png]
[validthemes.net/site-template/cleanu/assets/img/icon/dry-cleaning.png]
[validthemes.net/site-template/cleanu/assets/img/shape/33.png]
[validthemes.net/site-template/cleanu/assets/img/thumb/11.jpg]
[validthemes.net/site-template/cleanu/assets/img/thumb/12.jpg]
[validthemes.net/site-template/cleanu/index-4.html]
[validthemes.net/site-template/cleanu/assets/img/shape/37.png]
[validthemes.net/site-template/cleanu/assets/img/illustration/1.png]
[validthemes.net/site-template/cleanu/assets/img/shape/38.png]
[validthemes.net/site-template/cleanu/assets/img/plubmber-service/2.jpg]
[validthemes.net/site-template/cleanu/assets/img/shape/brush.png]
[validthemes.net/site-template/cleanu/assets/img/plubmber-service/5.jpg]
[validthemes.net/site-template/cleanu/assets/img/plubmber-service/3.jpg]
[validthemes.net/site-template/cleanu/assets/img/plubmber-service/4.jpg]
[validthemes.net/site-template/cleanu/index-5.html]
[validthemes.net/site-template/cleanu/index-op-2.html]
[validthemes.net/site-template/cleanu/index-op-3.html]
[validthemes.net/site-template/cleanu/index-op-4.html]
[validthemes.net/site-template/cleanu/index-op-5.html]
[validthemes.net/site-template/cleanu/assets/img/banner/10.jpg]
[validthemes.net/site-template/cleanu/contact.html]
[validthemes.net/site-template/cleanu/assets/img/banner/6.jpg]
[validthemes.net/site-template/cleanu/project-details.html]
[validthemes.net/site-template/cleanu/assets/img/banner/20.jpg]
[validthemes.net/site-template/cleanu/assets/img/blog/v3.jpg]
[validthemes.net/site-template/cleanu/assets/img/teams/6.jpg]
[validthemes.net/site-template/cleanu/assets/img/teams/5.jpg]
[validthemes.net/site-template/cleanu/assets/img/gallery/1.jpg]
[validthemes.net/site-template/cleanu/assets/img/gallery/6.jpg]
[validthemes.net/site-template/cleanu/assets/img/gallery/4.jpg]
[validthemes.net/site-template/cleanu/assets/img/gallery/2.jpg]
[validthemes.net/site-template/cleanu/assets/img/gallery/3.jpg]
[validthemes.net/site-template/cleanu/assets/img/gallery/5.jpg]
[validthemes.net/site-template/cleanu/assets/img/Illustration/2-2.png]
[validthemes.net/site-template/cleanu/blog-single-with-sidebar.html]
[validthemes.net/site-template/cleanu/assets/img/banner/21.jpg]
[validthemes.net/site-template/cleanu/about-us.html]
[validthemes.net/site-template/cleanu/assets/img/blog/v1.jpg]
[validthemes.net/site-template/cleanu/assets/img/blog/v2.jpg]
[validthemes.net/site-template/cleanu/assets/img/teams/3.jpg]
[validthemes.net/site-template/cleanu/blog-standard.html]
[validthemes.net/site-template/cleanu/assets/img/thumb/7.jpg]
[validthemes.net/site-template/cleanu/services-details.html]
[validthemes.net/site-template/cleanu/assets/js/jquery-3.6.0.min.js]
[validthemes.net/site-template/cleanu/assets/js/popper.min.js]
[validthemes.net/site-template/cleanu/popper.js]
[validthemes.net/site-template/cleanu/assets/js/bootstrap.min.js]
[validthemes.net/site-template/cleanu/assets/js/jquery.appear.js]
[validthemes.net/site-template/cleanu/assets/js/jquery.easing.min.js]
[validthemes.net/site-template/cleanu/assets/js/jquery.magnific-popup.min.js]
[validthemes.net/site-template/cleanu/assets/js/modernizr.custom.13711.js]
[validthemes.net/site-template/cleanu/assets/js/owl.carousel.min.js]
[validthemes.net/site-template/cleanu/assets/js/wow.min.js]
[validthemes.net/site-template/cleanu/assets/js/progress-bar.min.js]
[validthemes.net/site-template/cleanu/assets/js/isotope.pkgd.min.js]
[validthemes.net/site-template/cleanu/assets/js/imagesloaded.pkgd.min.js]
[validthemes.net/site-template/cleanu/assets/js/count-to.js]
[validthemes.net/site-template/cleanu/assets/js/jquery.nice-select.min.js]
[validthemes.net/site-template/cleanu/assets/js/YTPlayer.min.js]
[validthemes.net/site-template/cleanu/assets/js/jquery.event.move.js]
[validthemes.net/site-template/cleanu/assets/js/jquery.twentytwenty.js]
[validthemes.net/site-template/cleanu/assets/js/bootsnav.js]
[validthemes.net/site-template/cleanu/assets/js/main.js]
[validthemes.net/site-template/cleanu/assets/fonts/fa-brands-400.html]
[validthemes.net/site-template/cleanu/assets/fonts/fa-brands-400d41d.html]
[validthemes.net/site-template/cleanu/assets/fonts/fa-brands-401.html]
[validthemes.net/site-template/cleanu/assets/fonts/fa-brands-402.html]
[validthemes.net/site-template/cleanu/assets/fonts/fa-duotone-900.html]
[validthemes.net/site-template/cleanu/assets/fonts/fa-duotone-900d41d.html]
[validthemes.net/site-template/cleanu/assets/fonts/fa-duotone-901.html]
[validthemes.net/site-template/cleanu/assets/fonts/fa-duotone-902.html]
[validthemes.net/site-template/cleanu/assets/fonts/fa-light-300.html]
[validthemes.net/site-template/cleanu/assets/fonts/fa-light-300d41d.html]
[validthemes.net/site-template/cleanu/assets/fonts/fa-light-301.html]
[validthemes.net/site-template/cleanu/assets/fonts/fa-light-302.html]
[validthemes.net/site-template/cleanu/assets/fonts/fa-regular-400.html]
[validthemes.net/site-template/cleanu/assets/fonts/fa-regular-400d41d.html]
[validthemes.net/site-template/cleanu/assets/fonts/fa-regular-401.html]
[validthemes.net/site-template/cleanu/assets/fonts/fa-regular-402.html]
[validthemes.net/site-template/cleanu/assets/fonts/fa-solid-900.html]
[validthemes.net/site-template/cleanu/assets/fonts/fa-solid-900d41d.html]
[validthemes.net/site-template/cleanu/assets/fonts/fa-solid-901.html]
[validthemes.net/site-template/cleanu/assets/fonts/fa-solid-902.html]
[validthemes.net/site-template/cleanu/assets/fonts/themify9f24.svg]
[validthemes.net/site-template/cleanu/assets/fonts/ElegantIcons.svg]
[validthemes.net/site-template/cleanu/assets/css/ElegantIcons.html]
[validthemes.net/site-template/cleanu/assets/fonts/flaticon.svg]
[validthemes.net/site-template/cleanu/assets/css/flaticon.html]
[validthemes.net/site-template/cleanu/assets/css/owl.video.play.html]
[validthemes.net/site-template/cleanu/assets/img/shape/bg.svg]
[validthemes.net/site-template/cleanu/about-2.html]
[validthemes.net/site-template/cleanu/assets/img/banner/1.jpg]
[validthemes.net/site-template/cleanu/assets/img/team/4.jpg]
[validthemes.net/site-template/cleanu/team.html]
[validthemes.net/site-template/cleanu/team-single.html]
[validthemes.net/site-template/cleanu/assets/img/banner/5.jpg]
[validthemes.net/site-template/cleanu/pricing.html]
[validthemes.net/site-template/cleanu/pricing-2.html]
[validthemes.net/site-template/cleanu/assets/img/banner/17.jpg]
[validthemes.net/site-template/cleanu/faq.html]
[validthemes.net/site-template/cleanu/assets/img/illustration/10.png]
[validthemes.net/site-template/cleanu/404.html]
[validthemes.net/site-template/cleanu/projects.html]
[validthemes.net/site-template/cleanu/services.html]
[validthemes.net/site-template/cleanu/services-2.html]
[validthemes.net/site-template/cleanu/blog-with-sidebar.html]
[validthemes.net/site-template/cleanu/assets/img/map.svg]
[validthemes.net/site-template/cleanu/assets/img/blog/4.jpg]
[validthemes.net/site-template/cleanu/assets/img/teams/4.jpg]
[validthemes.net/site-template/cleanu/blog-2-colum.html]
[validthemes.net/site-template/cleanu/assets/img/blog/5.jpg]
[validthemes.net/site-template/cleanu/assets/img/blog/6.jpg]
[validthemes.net/site-template/cleanu/blog-3-colum.html]
[validthemes.net/site-template/cleanu/blog-single.html]
[validthemes.net/site-template/cleanu/assets/img/Illustration/2.html]
[validthemes.net/site-template/cleanu/popper.html]
[validthemes.net/site-template/cleanu/assets/img/map.svg]
